🔬 Starting Ablation Training
============================================================
Ablations to train: ['no_graph']
Seeds per ablation: 1
Output directory: debug_test
============================================================

📊 Processing ablation: no_graph
   Description: MLP baseline without any graph structure
   [1/1] Training seed 0...

🔬 Training no_graph (seed 0)
   Configuration: 128 hidden, 0 edge types

======================================================================
Initializing Bacterial Evolution Environment
======================================================================
Configuration:
 Antibiotic Pressure: 0.50
 Mutation Gain Rate: 25.00%
 Mutation Loss Rate: 10.00%
 Transfer Success Rate: 40.00%
 Gene Similarity Threshold: 0.30
======================================================================

[1/6] Loading dataset...
 Loaded 61330762 rows, 12 columns
 Filtered to 48555836 rows with AMR genes
 Using gene-rich subset for training
 Found 42901 unique bacterial isolates with genes
 Sampled 1000 unique bacterial isolates
 Total rows for these isolates: 1152792
 Removed columns with >20% missing data

[2/6] Identifying column types...
 Categorical: 3 ['country', 'serovar', 'predicted_mobility']
 Numeric: 2
 Mixed: 3

[3/6] Encoding features...

[4/6] Building feature matrix...
 Feature matrix: (1000, 8) (one row per isolate)

[5/6] Extracting AMR gene associations...
 Mapped 1000 samples to genes
 Samples with genes: 1000/1000
 Average genes per sample: 4.2
 Max genes in a sample: 20

[6/6] Constructing biological graph...
 Gene Similarity: 341680 edges
 Plasmid Compat.: 35140 edges
 Geographic: 385014 edges
 Serovar: 82218 edges
 Graph: 1000 nodes, 844052 edges
✓ Loaded 183465 AMR gene records
✓ Mapped 373 resistance genes

======================================================================
Environment initialization complete!
======================================================================

   Starting training for 500 episodes...
   Warning: Episode 0 failed: element 0 of tensors does not require grad and does not have a grad_fn
   Warning: Episode 1 failed: element 0 of tensors does not require grad and does not have a grad_fn
   Warning: Episode 2 failed: element 0 of tensors does not require grad and does not have a grad_fn
   Warning: Episode 3 failed: element 0 of tensors does not require grad and does not have a grad_fn
   Warning: Episode 4 failed: element 0 of tensors does not require grad and does not have a grad_fn
   Warning: Episode 5 failed: element 0 of tensors does not require grad and does not have a grad_fn
   Warning: Episode 6 failed: element 0 of tensors does not require grad and does not have a grad_fn
   Warning: Episode 7 failed: element 0 of tensors does not require grad and does not have a grad_fn
   Warning: Episode 8 failed: element 0 of tensors does not require grad and does not have a grad_fn
   Warning: Episode 9 failed: element 0 of tensors does not require grad and does not have a grad_fn
   Warning: Episode 10 failed: element 0 of tensors does not require grad and does not have a grad_fn
   Warning: Episode 11 failed: element 0 of tensors does not require grad and does not have a grad_fn
   Warning: Episode 12 failed: element 0 of tensors does not require grad and does not have a grad_fn
   Warning: Episode 13 failed: element 0 of tensors does not require grad and does not have a grad_fn
   Warning: Episode 14 failed: element 0 of tensors does not require grad and does not have a grad_fn
   Warning: Episode 15 failed: element 0 of tensors does not require grad and does not have a grad_fn
   Warning: Episode 16 failed: element 0 of tensors does not require grad and does not have a grad_fn
   Warning: Episode 17 failed: element 0 of tensors does not require grad and does not have a grad_fn
   Warning: Episode 18 failed: element 0 of tensors does not require grad and does not have a grad_fn
   Warning: Episode 19 failed: element 0 of tensors does not require grad and does not have a grad_fn
   Warning: Episode 20 failed: element 0 of tensors does not require grad and does not have a grad_fn
   Warning: Episode 21 failed: element 0 of tensors does not require grad and does not have a grad_fn
   Warning: Episode 22 failed: element 0 of tensors does not require grad and does not have a grad_fn
   Warning: Episode 23 failed: element 0 of tensors does not require grad and does not have a grad_fn
   Warning: Episode 24 failed: element 0 of tensors does not require grad and does not have a grad_fn
   Warning: Episode 25 failed: element 0 of tensors does not require grad and does not have a grad_fn
   Warning: Episode 26 failed: element 0 of tensors does not require grad and does not have a grad_fn
   Warning: Episode 27 failed: element 0 of tensors does not require grad and does not have a grad_fn
   Warning: Episode 28 failed: element 0 of tensors does not require grad and does not have a grad_fn
   Warning: Episode 29 failed: element 0 of tensors does not require grad and does not have a grad_fn
   Warning: Episode 30 failed: element 0 of tensors does not require grad and does not have a grad_fn
   Warning: Episode 31 failed: element 0 of tensors does not require grad and does not have a grad_fn
   Warning: Episode 32 failed: element 0 of tensors does not require grad and does not have a grad_fn
   Warning: Episode 33 failed: element 0 of tensors does not require grad and does not have a grad_fn
   Warning: Episode 34 failed: element 0 of tensors does not require grad and does not have a grad_fn
   Warning: Episode 35 failed: element 0 of tensors does not require grad and does not have a grad_fn
   Warning: Episode 36 failed: element 0 of tensors does not require grad and does not have a grad_fn
   Warning: Episode 37 failed: element 0 of tensors does not require grad and does not have a grad_fn
   Warning: Episode 38 failed: element 0 of tensors does not require grad and does not have a grad_fn
   Warning: Episode 39 failed: element 0 of tensors does not require grad and does not have a grad_fn
   Warning: Episode 40 failed: element 0 of tensors does not require grad and does not have a grad_fn
   Warning: Episode 41 failed: element 0 of tensors does not require grad and does not have a grad_fn
   Warning: Episode 42 failed: element 0 of tensors does not require grad and does not have a grad_fn
   Warning: Episode 43 failed: element 0 of tensors does not require grad and does not have a grad_fn
   Warning: Episode 44 failed: element 0 of tensors does not require grad and does not have a grad_fn
   Warning: Episode 45 failed: element 0 of tensors does not require grad and does not have a grad_fn
   Warning: Episode 46 failed: element 0 of tensors does not require grad and does not have a grad_fn
   Warning: Episode 47 failed: element 0 of tensors does not require grad and does not have a grad_fn
   Warning: Episode 48 failed: element 0 of tensors does not require grad and does not have a grad_fn
   Warning: Episode 49 failed: element 0 of tensors does not require grad and does not have a grad_fn
   Warning: Episode 50 failed: element 0 of tensors does not require grad and does not have a grad_fn
   Warning: Episode 51 failed: element 0 of tensors does not require grad and does not have a grad_fn
   Warning: Episode 52 failed: element 0 of tensors does not require grad and does not have a grad_fn
   Warning: Episode 53 failed: element 0 of tensors does not require grad and does not have a grad_fn
   Warning: Episode 54 failed: element 0 of tensors does not require grad and does not have a grad_fn
   Warning: Episode 55 failed: element 0 of tensors does not require grad and does not have a grad_fn
   Warning: Episode 56 failed: element 0 of tensors does not require grad and does not have a grad_fn
   Warning: Episode 57 failed: element 0 of tensors does not require grad and does not have a grad_fn
   Warning: Episode 58 failed: element 0 of tensors does not require grad and does not have a grad_fn
   Warning: Episode 59 failed: element 0 of tensors does not require grad and does not have a grad_fn
   Warning: Episode 60 failed: element 0 of tensors does not require grad and does not have a grad_fn
   Warning: Episode 61 failed: element 0 of tensors does not require grad and does not have a grad_fn
   Warning: Episode 62 failed: element 0 of tensors does not require grad and does not have a grad_fn
   Warning: Episode 63 failed: element 0 of tensors does not require grad and does not have a grad_fn
   Warning: Episode 64 failed: element 0 of tensors does not require grad and does not have a grad_fn
   Warning: Episode 65 failed: element 0 of tensors does not require grad and does not have a grad_fn
   Warning: Episode 66 failed: element 0 of tensors does not require grad and does not have a grad_fn
   Warning: Episode 67 failed: element 0 of tensors does not require grad and does not have a grad_fn
   Warning: Episode 68 failed: element 0 of tensors does not require grad and does not have a grad_fn
   Warning: Episode 69 failed: element 0 of tensors does not require grad and does not have a grad_fn
   Warning: Episode 70 failed: element 0 of tensors does not require grad and does not have a grad_fn
   Warning: Episode 71 failed: element 0 of tensors does not require grad and does not have a grad_fn
   Warning: Episode 72 failed: element 0 of tensors does not require grad and does not have a grad_fn
   Warning: Episode 73 failed: element 0 of tensors does not require grad and does not have a grad_fn
   Warning: Episode 74 failed: element 0 of tensors does not require grad and does not have a grad_fn
   Warning: Episode 75 failed: element 0 of tensors does not require grad and does not have a grad_fn
   Warning: Episode 76 failed: element 0 of tensors does not require grad and does not have a grad_fn
   Warning: Episode 77 failed: element 0 of tensors does not require grad and does not have a grad_fn
   Warning: Episode 78 failed: element 0 of tensors does not require grad and does not have a grad_fn
   Warning: Episode 79 failed: element 0 of tensors does not require grad and does not have a grad_fn
   Warning: Episode 80 failed: element 0 of tensors does not require grad and does not have a grad_fn
   Warning: Episode 81 failed: element 0 of tensors does not require grad and does not have a grad_fn
   Warning: Episode 82 failed: element 0 of tensors does not require grad and does not have a grad_fn
   Warning: Episode 83 failed: element 0 of tensors does not require grad and does not have a grad_fn
   Warning: Episode 84 failed: element 0 of tensors does not require grad and does not have a grad_fn
   Warning: Episode 85 failed: element 0 of tensors does not require grad and does not have a grad_fn
   Warning: Episode 86 failed: element 0 of tensors does not require grad and does not have a grad_fn
   Warning: Episode 87 failed: element 0 of tensors does not require grad and does not have a grad_fn
   Warning: Episode 88 failed: element 0 of tensors does not require grad and does not have a grad_fn
   Warning: Episode 89 failed: element 0 of tensors does not require grad and does not have a grad_fn
   Warning: Episode 90 failed: element 0 of tensors does not require grad and does not have a grad_fn
   Warning: Episode 91 failed: element 0 of tensors does not require grad and does not have a grad_fn
   Warning: Episode 92 failed: element 0 of tensors does not require grad and does not have a grad_fn
   Warning: Episode 93 failed: element 0 of tensors does not require grad and does not have a grad_fn
   Warning: Episode 94 failed: element 0 of tensors does not require grad and does not have a grad_fn
   Warning: Episode 95 failed: element 0 of tensors does not require grad and does not have a grad_fn
   Warning: Episode 96 failed: element 0 of tensors does not require grad and does not have a grad_fn
   Warning: Episode 97 failed: element 0 of tensors does not require grad and does not have a grad_fn
   Warning: Episode 98 failed: element 0 of tensors does not require grad and does not have a grad_fn
   Warning: Episode 99 failed: element 0 of tensors does not require grad and does not have a grad_fn
   Warning: Episode 100 failed: element 0 of tensors does not require grad and does not have a grad_fn
   Warning: Episode 101 failed: element 0 of tensors does not require grad and does not have a grad_fn
   Warning: Episode 102 failed: element 0 of tensors does not require grad and does not have a grad_fn
   Warning: Episode 103 failed: element 0 of tensors does not require grad and does not have a grad_fn
   Warning: Episode 104 failed: element 0 of tensors does not require grad and does not have a grad_fn
   Warning: Episode 105 failed: element 0 of tensors does not require grad and does not have a grad_fn
   Warning: Episode 106 failed: element 0 of tensors does not require grad and does not have a grad_fn
   Warning: Episode 107 failed: element 0 of tensors does not require grad and does not have a grad_fn
   Warning: Episode 108 failed: element 0 of tensors does not require grad and does not have a grad_fn
   Warning: Episode 109 failed: element 0 of tensors does not require grad and does not have a grad_fn
   Warning: Episode 110 failed: element 0 of tensors does not require grad and does not have a grad_fn
   Warning: Episode 111 failed: element 0 of tensors does not require grad and does not have a grad_fn
   Warning: Episode 112 failed: element 0 of tensors does not require grad and does not have a grad_fn
   Warning: Episode 113 failed: element 0 of tensors does not require grad and does not have a grad_fn
   Warning: Episode 114 failed: element 0 of tensors does not require grad and does not have a grad_fn
   Warning: Episode 115 failed: element 0 of tensors does not require grad and does not have a grad_fn
   Warning: Episode 116 failed: element 0 of tensors does not require grad and does not have a grad_fn
   Warning: Episode 117 failed: element 0 of tensors does not require grad and does not have a grad_fn
   Warning: Episode 118 failed: element 0 of tensors does not require grad and does not have a grad_fn
   Warning: Episode 119 failed: element 0 of tensors does not require grad and does not have a grad_fn
   Warning: Episode 120 failed: element 0 of tensors does not require grad and does not have a grad_fn
   Warning: Episode 121 failed: element 0 of tensors does not require grad and does not have a grad_fn
   Warning: Episode 122 failed: element 0 of tensors does not require grad and does not have a grad_fn
   Warning: Episode 123 failed: element 0 of tensors does not require grad and does not have a grad_fn
   Warning: Episode 124 failed: element 0 of tensors does not require grad and does not have a grad_fn
   Warning: Episode 125 failed: element 0 of tensors does not require grad and does not have a grad_fn
   Warning: Episode 126 failed: element 0 of tensors does not require grad and does not have a grad_fn
   Warning: Episode 127 failed: element 0 of tensors does not require grad and does not have a grad_fn
   Warning: Episode 128 failed: element 0 of tensors does not require grad and does not have a grad_fn
   Warning: Episode 129 failed: element 0 of tensors does not require grad and does not have a grad_fn
   Warning: Episode 130 failed: element 0 of tensors does not require grad and does not have a grad_fn
   Warning: Episode 131 failed: element 0 of tensors does not require grad and does not have a grad_fn
   Warning: Episode 132 failed: element 0 of tensors does not require grad and does not have a grad_fn
   Warning: Episode 133 failed: element 0 of tensors does not require grad and does not have a grad_fn
   Warning: Episode 134 failed: element 0 of tensors does not require grad and does not have a grad_fn
   Warning: Episode 135 failed: element 0 of tensors does not require grad and does not have a grad_fn
   Warning: Episode 136 failed: element 0 of tensors does not require grad and does not have a grad_fn
   Warning: Episode 137 failed: element 0 of tensors does not require grad and does not have a grad_fn
   Warning: Episode 138 failed: element 0 of tensors does not require grad and does not have a grad_fn
   Warning: Episode 139 failed: element 0 of tensors does not require grad and does not have a grad_fn
   Warning: Episode 140 failed: element 0 of tensors does not require grad and does not have a grad_fn
   Warning: Episode 141 failed: element 0 of tensors does not require grad and does not have a grad_fn
   Warning: Episode 142 failed: element 0 of tensors does not require grad and does not have a grad_fn
   Warning: Episode 143 failed: element 0 of tensors does not require grad and does not have a grad_fn
   Warning: Episode 144 failed: element 0 of tensors does not require grad and does not have a grad_fn
   Warning: Episode 145 failed: element 0 of tensors does not require grad and does not have a grad_fn
   Warning: Episode 146 failed: element 0 of tensors does not require grad and does not have a grad_fn
   Warning: Episode 147 failed: element 0 of tensors does not require grad and does not have a grad_fn
   Warning: Episode 148 failed: element 0 of tensors does not require grad and does not have a grad_fn
   Warning: Episode 149 failed: element 0 of tensors does not require grad and does not have a grad_fn
   Warning: Episode 150 failed: element 0 of tensors does not require grad and does not have a grad_fn
   Warning: Episode 151 failed: element 0 of tensors does not require grad and does not have a grad_fn
   Warning: Episode 152 failed: element 0 of tensors does not require grad and does not have a grad_fn
   Warning: Episode 153 failed: element 0 of tensors does not require grad and does not have a grad_fn
   Warning: Episode 154 failed: element 0 of tensors does not require grad and does not have a grad_fn
   Warning: Episode 155 failed: element 0 of tensors does not require grad and does not have a grad_fn
   Warning: Episode 156 failed: element 0 of tensors does not require grad and does not have a grad_fn
   Warning: Episode 157 failed: element 0 of tensors does not require grad and does not have a grad_fn
   Warning: Episode 158 failed: element 0 of tensors does not require grad and does not have a grad_fn
   Warning: Episode 159 failed: element 0 of tensors does not require grad and does not have a grad_fn
   Warning: Episode 160 failed: element 0 of tensors does not require grad and does not have a grad_fn
   Warning: Episode 161 failed: element 0 of tensors does not require grad and does not have a grad_fn
   Warning: Episode 162 failed: element 0 of tensors does not require grad and does not have a grad_fn
   Warning: Episode 163 failed: element 0 of tensors does not require grad and does not have a grad_fn
   Warning: Episode 164 failed: element 0 of tensors does not require grad and does not have a grad_fn
   Warning: Episode 165 failed: element 0 of tensors does not require grad and does not have a grad_fn
   Warning: Episode 166 failed: element 0 of tensors does not require grad and does not have a grad_fn
   Warning: Episode 167 failed: element 0 of tensors does not require grad and does not have a grad_fn
   Warning: Episode 168 failed: element 0 of tensors does not require grad and does not have a grad_fn
   Warning: Episode 169 failed: element 0 of tensors does not require grad and does not have a grad_fn
   Warning: Episode 170 failed: element 0 of tensors does not require grad and does not have a grad_fn
   Warning: Episode 171 failed: element 0 of tensors does not require grad and does not have a grad_fn
   Warning: Episode 172 failed: element 0 of tensors does not require grad and does not have a grad_fn
   Warning: Episode 173 failed: element 0 of tensors does not require grad and does not have a grad_fn
   Warning: Episode 174 failed: element 0 of tensors does not require grad and does not have a grad_fn
   Warning: Episode 175 failed: element 0 of tensors does not require grad and does not have a grad_fn
   Warning: Episode 176 failed: element 0 of tensors does not require grad and does not have a grad_fn
   Warning: Episode 177 failed: element 0 of tensors does not require grad and does not have a grad_fn
   Warning: Episode 178 failed: element 0 of tensors does not require grad and does not have a grad_fn
   Warning: Episode 179 failed: element 0 of tensors does not require grad and does not have a grad_fn
   Warning: Episode 180 failed: element 0 of tensors does not require grad and does not have a grad_fn
   Warning: Episode 181 failed: element 0 of tensors does not require grad and does not have a grad_fn
   Warning: Episode 182 failed: element 0 of tensors does not require grad and does not have a grad_fn
   Warning: Episode 183 failed: element 0 of tensors does not require grad and does not have a grad_fn
   Warning: Episode 184 failed: element 0 of tensors does not require grad and does not have a grad_fn
   Warning: Episode 185 failed: element 0 of tensors does not require grad and does not have a grad_fn
   Warning: Episode 186 failed: element 0 of tensors does not require grad and does not have a grad_fn
   Warning: Episode 187 failed: element 0 of tensors does not require grad and does not have a grad_fn
   Warning: Episode 188 failed: element 0 of tensors does not require grad and does not have a grad_fn
   Warning: Episode 189 failed: element 0 of tensors does not require grad and does not have a grad_fn
   Warning: Episode 190 failed: element 0 of tensors does not require grad and does not have a grad_fn
   Warning: Episode 191 failed: element 0 of tensors does not require grad and does not have a grad_fn
   Warning: Episode 192 failed: element 0 of tensors does not require grad and does not have a grad_fn
   Warning: Episode 193 failed: element 0 of tensors does not require grad and does not have a grad_fn
   Warning: Episode 194 failed: element 0 of tensors does not require grad and does not have a grad_fn
   Warning: Episode 195 failed: element 0 of tensors does not require grad and does not have a grad_fn
   Warning: Episode 196 failed: element 0 of tensors does not require grad and does not have a grad_fn
   Warning: Episode 197 failed: element 0 of tensors does not require grad and does not have a grad_fn
   Warning: Episode 198 failed: element 0 of tensors does not require grad and does not have a grad_fn
   Warning: Episode 199 failed: element 0 of tensors does not require grad and does not have a grad_fn
   Warning: Episode 200 failed: element 0 of tensors does not require grad and does not have a grad_fn
   Warning: Episode 201 failed: element 0 of tensors does not require grad and does not have a grad_fn
   Warning: Episode 202 failed: element 0 of tensors does not require grad and does not have a grad_fn
   Warning: Episode 203 failed: element 0 of tensors does not require grad and does not have a grad_fn
   Warning: Episode 204 failed: element 0 of tensors does not require grad and does not have a grad_fn
   Warning: Episode 205 failed: element 0 of tensors does not require grad and does not have a grad_fn
   Warning: Episode 206 failed: element 0 of tensors does not require grad and does not have a grad_fn
   Warning: Episode 207 failed: element 0 of tensors does not require grad and does not have a grad_fn
   Warning: Episode 208 failed: element 0 of tensors does not require grad and does not have a grad_fn
   Warning: Episode 209 failed: element 0 of tensors does not require grad and does not have a grad_fn
   Warning: Episode 210 failed: element 0 of tensors does not require grad and does not have a grad_fn
   Warning: Episode 211 failed: element 0 of tensors does not require grad and does not have a grad_fn
   Warning: Episode 212 failed: element 0 of tensors does not require grad and does not have a grad_fn
   Warning: Episode 213 failed: element 0 of tensors does not require grad and does not have a grad_fn
   Warning: Episode 214 failed: element 0 of tensors does not require grad and does not have a grad_fn
   Warning: Episode 215 failed: element 0 of tensors does not require grad and does not have a grad_fn
   Warning: Episode 216 failed: element 0 of tensors does not require grad and does not have a grad_fn
   Warning: Episode 217 failed: element 0 of tensors does not require grad and does not have a grad_fn
   Warning: Episode 218 failed: element 0 of tensors does not require grad and does not have a grad_fn
   Warning: Episode 219 failed: element 0 of tensors does not require grad and does not have a grad_fn
   Warning: Episode 220 failed: element 0 of tensors does not require grad and does not have a grad_fn
   Warning: Episode 221 failed: element 0 of tensors does not require grad and does not have a grad_fn
   Warning: Episode 222 failed: element 0 of tensors does not require grad and does not have a grad_fn
   Warning: Episode 223 failed: element 0 of tensors does not require grad and does not have a grad_fn
   Warning: Episode 224 failed: element 0 of tensors does not require grad and does not have a grad_fn
   Warning: Episode 225 failed: element 0 of tensors does not require grad and does not have a grad_fn
   Warning: Episode 226 failed: element 0 of tensors does not require grad and does not have a grad_fn
   Warning: Episode 227 failed: element 0 of tensors does not require grad and does not have a grad_fn
   Warning: Episode 228 failed: element 0 of tensors does not require grad and does not have a grad_fn
   Warning: Episode 229 failed: element 0 of tensors does not require grad and does not have a grad_fn
   Warning: Episode 230 failed: element 0 of tensors does not require grad and does not have a grad_fn
   Warning: Episode 231 failed: element 0 of tensors does not require grad and does not have a grad_fn
   Warning: Episode 232 failed: element 0 of tensors does not require grad and does not have a grad_fn
   Warning: Episode 233 failed: element 0 of tensors does not require grad and does not have a grad_fn
   Warning: Episode 234 failed: element 0 of tensors does not require grad and does not have a grad_fn
   Warning: Episode 235 failed: element 0 of tensors does not require grad and does not have a grad_fn
   Warning: Episode 236 failed: element 0 of tensors does not require grad and does not have a grad_fn
   Warning: Episode 237 failed: element 0 of tensors does not require grad and does not have a grad_fn
   Warning: Episode 238 failed: element 0 of tensors does not require grad and does not have a grad_fn
   Warning: Episode 239 failed: element 0 of tensors does not require grad and does not have a grad_fn
   Warning: Episode 240 failed: element 0 of tensors does not require grad and does not have a grad_fn
   Warning: Episode 241 failed: element 0 of tensors does not require grad and does not have a grad_fn
   Warning: Episode 242 failed: element 0 of tensors does not require grad and does not have a grad_fn
   Warning: Episode 243 failed: element 0 of tensors does not require grad and does not have a grad_fn
   Warning: Episode 244 failed: element 0 of tensors does not require grad and does not have a grad_fn
   Warning: Episode 245 failed: element 0 of tensors does not require grad and does not have a grad_fn
   Warning: Episode 246 failed: element 0 of tensors does not require grad and does not have a grad_fn
   Warning: Episode 247 failed: element 0 of tensors does not require grad and does not have a grad_fn
   Warning: Episode 248 failed: element 0 of tensors does not require grad and does not have a grad_fn
   Warning: Episode 249 failed: element 0 of tensors does not require grad and does not have a grad_fn
   Warning: Episode 250 failed: element 0 of tensors does not require grad and does not have a grad_fn
   Warning: Episode 251 failed: element 0 of tensors does not require grad and does not have a grad_fn
   Warning: Episode 252 failed: element 0 of tensors does not require grad and does not have a grad_fn
   Warning: Episode 253 failed: element 0 of tensors does not require grad and does not have a grad_fn
   Warning: Episode 254 failed: element 0 of tensors does not require grad and does not have a grad_fn
   Warning: Episode 255 failed: element 0 of tensors does not require grad and does not have a grad_fn
   Warning: Episode 256 failed: element 0 of tensors does not require grad and does not have a grad_fn
   Warning: Episode 257 failed: element 0 of tensors does not require grad and does not have a grad_fn
   Warning: Episode 258 failed: element 0 of tensors does not require grad and does not have a grad_fn
   Warning: Episode 259 failed: element 0 of tensors does not require grad and does not have a grad_fn
   Warning: Episode 260 failed: element 0 of tensors does not require grad and does not have a grad_fn
   Warning: Episode 261 failed: element 0 of tensors does not require grad and does not have a grad_fn
   Warning: Episode 262 failed: element 0 of tensors does not require grad and does not have a grad_fn
   Warning: Episode 263 failed: element 0 of tensors does not require grad and does not have a grad_fn
   Warning: Episode 264 failed: element 0 of tensors does not require grad and does not have a grad_fn
   Warning: Episode 265 failed: element 0 of tensors does not require grad and does not have a grad_fn
   Warning: Episode 266 failed: element 0 of tensors does not require grad and does not have a grad_fn
   Warning: Episode 267 failed: element 0 of tensors does not require grad and does not have a grad_fn
   Warning: Episode 268 failed: element 0 of tensors does not require grad and does not have a grad_fn
   Warning: Episode 269 failed: element 0 of tensors does not require grad and does not have a grad_fn
   Warning: Episode 270 failed: element 0 of tensors does not require grad and does not have a grad_fn
   Warning: Episode 271 failed: element 0 of tensors does not require grad and does not have a grad_fn
   Warning: Episode 272 failed: element 0 of tensors does not require grad and does not have a grad_fn
   Warning: Episode 273 failed: element 0 of tensors does not require grad and does not have a grad_fn
   Warning: Episode 274 failed: element 0 of tensors does not require grad and does not have a grad_fn
   Warning: Episode 275 failed: element 0 of tensors does not require grad and does not have a grad_fn
   Warning: Episode 276 failed: element 0 of tensors does not require grad and does not have a grad_fn
   Warning: Episode 277 failed: element 0 of tensors does not require grad and does not have a grad_fn
   Warning: Episode 278 failed: element 0 of tensors does not require grad and does not have a grad_fn
   Warning: Episode 279 failed: element 0 of tensors does not require grad and does not have a grad_fn
   Warning: Episode 280 failed: element 0 of tensors does not require grad and does not have a grad_fn
   Warning: Episode 281 failed: element 0 of tensors does not require grad and does not have a grad_fn
   Warning: Episode 282 failed: element 0 of tensors does not require grad and does not have a grad_fn
   Warning: Episode 283 failed: element 0 of tensors does not require grad and does not have a grad_fn
   Warning: Episode 284 failed: element 0 of tensors does not require grad and does not have a grad_fn
   Warning: Episode 285 failed: element 0 of tensors does not require grad and does not have a grad_fn
   Warning: Episode 286 failed: element 0 of tensors does not require grad and does not have a grad_fn
   Warning: Episode 287 failed: element 0 of tensors does not require grad and does not have a grad_fn
   Warning: Episode 288 failed: element 0 of tensors does not require grad and does not have a grad_fn
   Warning: Episode 289 failed: element 0 of tensors does not require grad and does not have a grad_fn
   Warning: Episode 290 failed: element 0 of tensors does not require grad and does not have a grad_fn
   Warning: Episode 291 failed: element 0 of tensors does not require grad and does not have a grad_fn
   Warning: Episode 292 failed: element 0 of tensors does not require grad and does not have a grad_fn
   Warning: Episode 293 failed: element 0 of tensors does not require grad and does not have a grad_fn
   Warning: Episode 294 failed: element 0 of tensors does not require grad and does not have a grad_fn
   Warning: Episode 295 failed: element 0 of tensors does not require grad and does not have a grad_fn
   Warning: Episode 296 failed: element 0 of tensors does not require grad and does not have a grad_fn
   Warning: Episode 297 failed: element 0 of tensors does not require grad and does not have a grad_fn
   Warning: Episode 298 failed: element 0 of tensors does not require grad and does not have a grad_fn
   Warning: Episode 299 failed: element 0 of tensors does not require grad and does not have a grad_fn
   Warning: Episode 300 failed: element 0 of tensors does not require grad and does not have a grad_fn
   Warning: Episode 301 failed: element 0 of tensors does not require grad and does not have a grad_fn
   Warning: Episode 302 failed: element 0 of tensors does not require grad and does not have a grad_fn
   Warning: Episode 303 failed: element 0 of tensors does not require grad and does not have a grad_fn
   Warning: Episode 304 failed: element 0 of tensors does not require grad and does not have a grad_fn
   Warning: Episode 305 failed: element 0 of tensors does not require grad and does not have a grad_fn
   Warning: Episode 306 failed: element 0 of tensors does not require grad and does not have a grad_fn
   Warning: Episode 307 failed: element 0 of tensors does not require grad and does not have a grad_fn
   Warning: Episode 308 failed: element 0 of tensors does not require grad and does not have a grad_fn
   Warning: Episode 309 failed: element 0 of tensors does not require grad and does not have a grad_fn
   Warning: Episode 310 failed: element 0 of tensors does not require grad and does not have a grad_fn
   Warning: Episode 311 failed: element 0 of tensors does not require grad and does not have a grad_fn
   Warning: Episode 312 failed: element 0 of tensors does not require grad and does not have a grad_fn
   Warning: Episode 313 failed: element 0 of tensors does not require grad and does not have a grad_fn
   Warning: Episode 314 failed: element 0 of tensors does not require grad and does not have a grad_fn
   Warning: Episode 315 failed: element 0 of tensors does not require grad and does not have a grad_fn
   Warning: Episode 316 failed: element 0 of tensors does not require grad and does not have a grad_fn
   Warning: Episode 317 failed: element 0 of tensors does not require grad and does not have a grad_fn
   Warning: Episode 318 failed: element 0 of tensors does not require grad and does not have a grad_fn
   Warning: Episode 319 failed: element 0 of tensors does not require grad and does not have a grad_fn
   Warning: Episode 320 failed: element 0 of tensors does not require grad and does not have a grad_fn
   Warning: Episode 321 failed: element 0 of tensors does not require grad and does not have a grad_fn
   Warning: Episode 322 failed: element 0 of tensors does not require grad and does not have a grad_fn
   Warning: Episode 323 failed: element 0 of tensors does not require grad and does not have a grad_fn
   Warning: Episode 324 failed: element 0 of tensors does not require grad and does not have a grad_fn
   Warning: Episode 325 failed: element 0 of tensors does not require grad and does not have a grad_fn
   Warning: Episode 326 failed: element 0 of tensors does not require grad and does not have a grad_fn
   Warning: Episode 327 failed: element 0 of tensors does not require grad and does not have a grad_fn
   Warning: Episode 328 failed: element 0 of tensors does not require grad and does not have a grad_fn
   Warning: Episode 329 failed: element 0 of tensors does not require grad and does not have a grad_fn
   Warning: Episode 330 failed: element 0 of tensors does not require grad and does not have a grad_fn
   Warning: Episode 331 failed: element 0 of tensors does not require grad and does not have a grad_fn
   Warning: Episode 332 failed: element 0 of tensors does not require grad and does not have a grad_fn
   Warning: Episode 333 failed: element 0 of tensors does not require grad and does not have a grad_fn
   Warning: Episode 334 failed: element 0 of tensors does not require grad and does not have a grad_fn
   Warning: Episode 335 failed: element 0 of tensors does not require grad and does not have a grad_fn
   Warning: Episode 336 failed: element 0 of tensors does not require grad and does not have a grad_fn
   Warning: Episode 337 failed: element 0 of tensors does not require grad and does not have a grad_fn
   Warning: Episode 338 failed: element 0 of tensors does not require grad and does not have a grad_fn
   Warning: Episode 339 failed: element 0 of tensors does not require grad and does not have a grad_fn
   Warning: Episode 340 failed: element 0 of tensors does not require grad and does not have a grad_fn
   Warning: Episode 341 failed: element 0 of tensors does not require grad and does not have a grad_fn
   Warning: Episode 342 failed: element 0 of tensors does not require grad and does not have a grad_fn
   Warning: Episode 343 failed: element 0 of tensors does not require grad and does not have a grad_fn
   Warning: Episode 344 failed: element 0 of tensors does not require grad and does not have a grad_fn
   Warning: Episode 345 failed: element 0 of tensors does not require grad and does not have a grad_fn
   Warning: Episode 346 failed: element 0 of tensors does not require grad and does not have a grad_fn
   Warning: Episode 347 failed: element 0 of tensors does not require grad and does not have a grad_fn
   Warning: Episode 348 failed: element 0 of tensors does not require grad and does not have a grad_fn
   Warning: Episode 349 failed: element 0 of tensors does not require grad and does not have a grad_fn
   Warning: Episode 350 failed: element 0 of tensors does not require grad and does not have a grad_fn
   Warning: Episode 351 failed: element 0 of tensors does not require grad and does not have a grad_fn
   Warning: Episode 352 failed: element 0 of tensors does not require grad and does not have a grad_fn
   Warning: Episode 353 failed: element 0 of tensors does not require grad and does not have a grad_fn
   Warning: Episode 354 failed: element 0 of tensors does not require grad and does not have a grad_fn
   Warning: Episode 355 failed: element 0 of tensors does not require grad and does not have a grad_fn
   Warning: Episode 356 failed: element 0 of tensors does not require grad and does not have a grad_fn
   Warning: Episode 357 failed: element 0 of tensors does not require grad and does not have a grad_fn
   Warning: Episode 358 failed: element 0 of tensors does not require grad and does not have a grad_fn
   Warning: Episode 359 failed: element 0 of tensors does not require grad and does not have a grad_fn
   Warning: Episode 360 failed: element 0 of tensors does not require grad and does not have a grad_fn
   Warning: Episode 361 failed: element 0 of tensors does not require grad and does not have a grad_fn
   Warning: Episode 362 failed: element 0 of tensors does not require grad and does not have a grad_fn
   Warning: Episode 363 failed: element 0 of tensors does not require grad and does not have a grad_fn
   Warning: Episode 364 failed: element 0 of tensors does not require grad and does not have a grad_fn
   Warning: Episode 365 failed: element 0 of tensors does not require grad and does not have a grad_fn
   Warning: Episode 366 failed: element 0 of tensors does not require grad and does not have a grad_fn
   Warning: Episode 367 failed: element 0 of tensors does not require grad and does not have a grad_fn
   Warning: Episode 368 failed: element 0 of tensors does not require grad and does not have a grad_fn
   Warning: Episode 369 failed: element 0 of tensors does not require grad and does not have a grad_fn
   Warning: Episode 370 failed: element 0 of tensors does not require grad and does not have a grad_fn
   Warning: Episode 371 failed: element 0 of tensors does not require grad and does not have a grad_fn
   Warning: Episode 372 failed: element 0 of tensors does not require grad and does not have a grad_fn
   Warning: Episode 373 failed: element 0 of tensors does not require grad and does not have a grad_fn
   Warning: Episode 374 failed: element 0 of tensors does not require grad and does not have a grad_fn
   Warning: Episode 375 failed: element 0 of tensors does not require grad and does not have a grad_fn
   Warning: Episode 376 failed: element 0 of tensors does not require grad and does not have a grad_fn
   Warning: Episode 377 failed: element 0 of tensors does not require grad and does not have a grad_fn
   Warning: Episode 378 failed: element 0 of tensors does not require grad and does not have a grad_fn
   Warning: Episode 379 failed: element 0 of tensors does not require grad and does not have a grad_fn
   Warning: Episode 380 failed: element 0 of tensors does not require grad and does not have a grad_fn
   Warning: Episode 381 failed: element 0 of tensors does not require grad and does not have a grad_fn
   Warning: Episode 382 failed: element 0 of tensors does not require grad and does not have a grad_fn
   Warning: Episode 383 failed: element 0 of tensors does not require grad and does not have a grad_fn
   Warning: Episode 384 failed: element 0 of tensors does not require grad and does not have a grad_fn
   Warning: Episode 385 failed: element 0 of tensors does not require grad and does not have a grad_fn
   Warning: Episode 386 failed: element 0 of tensors does not require grad and does not have a grad_fn
   Warning: Episode 387 failed: element 0 of tensors does not require grad and does not have a grad_fn
   Warning: Episode 388 failed: element 0 of tensors does not require grad and does not have a grad_fn
   Warning: Episode 389 failed: element 0 of tensors does not require grad and does not have a grad_fn
   Warning: Episode 390 failed: element 0 of tensors does not require grad and does not have a grad_fn
   Warning: Episode 391 failed: element 0 of tensors does not require grad and does not have a grad_fn
   Warning: Episode 392 failed: element 0 of tensors does not require grad and does not have a grad_fn
   Warning: Episode 393 failed: element 0 of tensors does not require grad and does not have a grad_fn
   Warning: Episode 394 failed: element 0 of tensors does not require grad and does not have a grad_fn
   Warning: Episode 395 failed: element 0 of tensors does not require grad and does not have a grad_fn
   Warning: Episode 396 failed: element 0 of tensors does not require grad and does not have a grad_fn
   Warning: Episode 397 failed: element 0 of tensors does not require grad and does not have a grad_fn
   Warning: Episode 398 failed: element 0 of tensors does not require grad and does not have a grad_fn
   Warning: Episode 399 failed: element 0 of tensors does not require grad and does not have a grad_fn
   Warning: Episode 400 failed: element 0 of tensors does not require grad and does not have a grad_fn
   Warning: Episode 401 failed: element 0 of tensors does not require grad and does not have a grad_fn
   Warning: Episode 402 failed: element 0 of tensors does not require grad and does not have a grad_fn
   Warning: Episode 403 failed: element 0 of tensors does not require grad and does not have a grad_fn
   Warning: Episode 404 failed: element 0 of tensors does not require grad and does not have a grad_fn
   Warning: Episode 405 failed: element 0 of tensors does not require grad and does not have a grad_fn
   Warning: Episode 406 failed: element 0 of tensors does not require grad and does not have a grad_fn
   Warning: Episode 407 failed: element 0 of tensors does not require grad and does not have a grad_fn
   Warning: Episode 408 failed: element 0 of tensors does not require grad and does not have a grad_fn
   Warning: Episode 409 failed: element 0 of tensors does not require grad and does not have a grad_fn
   Warning: Episode 410 failed: element 0 of tensors does not require grad and does not have a grad_fn
   Warning: Episode 411 failed: element 0 of tensors does not require grad and does not have a grad_fn
   Warning: Episode 412 failed: element 0 of tensors does not require grad and does not have a grad_fn
   Warning: Episode 413 failed: element 0 of tensors does not require grad and does not have a grad_fn
   Warning: Episode 414 failed: element 0 of tensors does not require grad and does not have a grad_fn
   Warning: Episode 415 failed: element 0 of tensors does not require grad and does not have a grad_fn
   Warning: Episode 416 failed: element 0 of tensors does not require grad and does not have a grad_fn
   Warning: Episode 417 failed: element 0 of tensors does not require grad and does not have a grad_fn
   Warning: Episode 418 failed: element 0 of tensors does not require grad and does not have a grad_fn
   Warning: Episode 419 failed: element 0 of tensors does not require grad and does not have a grad_fn
   Warning: Episode 420 failed: element 0 of tensors does not require grad and does not have a grad_fn
   Warning: Episode 421 failed: element 0 of tensors does not require grad and does not have a grad_fn
   Warning: Episode 422 failed: element 0 of tensors does not require grad and does not have a grad_fn
   Warning: Episode 423 failed: element 0 of tensors does not require grad and does not have a grad_fn
   Warning: Episode 424 failed: element 0 of tensors does not require grad and does not have a grad_fn
   Warning: Episode 425 failed: element 0 of tensors does not require grad and does not have a grad_fn
   Warning: Episode 426 failed: element 0 of tensors does not require grad and does not have a grad_fn
   Warning: Episode 427 failed: element 0 of tensors does not require grad and does not have a grad_fn
   Warning: Episode 428 failed: element 0 of tensors does not require grad and does not have a grad_fn
   Warning: Episode 429 failed: element 0 of tensors does not require grad and does not have a grad_fn
   Warning: Episode 430 failed: element 0 of tensors does not require grad and does not have a grad_fn
   Warning: Episode 431 failed: element 0 of tensors does not require grad and does not have a grad_fn
   Warning: Episode 432 failed: element 0 of tensors does not require grad and does not have a grad_fn
   Warning: Episode 433 failed: element 0 of tensors does not require grad and does not have a grad_fn
   Warning: Episode 434 failed: element 0 of tensors does not require grad and does not have a grad_fn
   Warning: Episode 435 failed: element 0 of tensors does not require grad and does not have a grad_fn
   Warning: Episode 436 failed: element 0 of tensors does not require grad and does not have a grad_fn
   Warning: Episode 437 failed: element 0 of tensors does not require grad and does not have a grad_fn
   Warning: Episode 438 failed: element 0 of tensors does not require grad and does not have a grad_fn
   Warning: Episode 439 failed: element 0 of tensors does not require grad and does not have a grad_fn
   Warning: Episode 440 failed: element 0 of tensors does not require grad and does not have a grad_fn
   Warning: Episode 441 failed: element 0 of tensors does not require grad and does not have a grad_fn
   Warning: Episode 442 failed: element 0 of tensors does not require grad and does not have a grad_fn
   Warning: Episode 443 failed: element 0 of tensors does not require grad and does not have a grad_fn
   Warning: Episode 444 failed: element 0 of tensors does not require grad and does not have a grad_fn
   Warning: Episode 445 failed: element 0 of tensors does not require grad and does not have a grad_fn
   Warning: Episode 446 failed: element 0 of tensors does not require grad and does not have a grad_fn
   Warning: Episode 447 failed: element 0 of tensors does not require grad and does not have a grad_fn
   Warning: Episode 448 failed: element 0 of tensors does not require grad and does not have a grad_fn
   Warning: Episode 449 failed: element 0 of tensors does not require grad and does not have a grad_fn
   Warning: Episode 450 failed: element 0 of tensors does not require grad and does not have a grad_fn
   Warning: Episode 451 failed: element 0 of tensors does not require grad and does not have a grad_fn
   Warning: Episode 452 failed: element 0 of tensors does not require grad and does not have a grad_fn
   Warning: Episode 453 failed: element 0 of tensors does not require grad and does not have a grad_fn
   Warning: Episode 454 failed: element 0 of tensors does not require grad and does not have a grad_fn
   Warning: Episode 455 failed: element 0 of tensors does not require grad and does not have a grad_fn
   Warning: Episode 456 failed: element 0 of tensors does not require grad and does not have a grad_fn
   Warning: Episode 457 failed: element 0 of tensors does not require grad and does not have a grad_fn
   Warning: Episode 458 failed: element 0 of tensors does not require grad and does not have a grad_fn
   Warning: Episode 459 failed: element 0 of tensors does not require grad and does not have a grad_fn
   Warning: Episode 460 failed: element 0 of tensors does not require grad and does not have a grad_fn
   Warning: Episode 461 failed: element 0 of tensors does not require grad and does not have a grad_fn
   Warning: Episode 462 failed: element 0 of tensors does not require grad and does not have a grad_fn
   Warning: Episode 463 failed: element 0 of tensors does not require grad and does not have a grad_fn
   Warning: Episode 464 failed: element 0 of tensors does not require grad and does not have a grad_fn
   Warning: Episode 465 failed: element 0 of tensors does not require grad and does not have a grad_fn
   Warning: Episode 466 failed: element 0 of tensors does not require grad and does not have a grad_fn
   Warning: Episode 467 failed: element 0 of tensors does not require grad and does not have a grad_fn
   Warning: Episode 468 failed: element 0 of tensors does not require grad and does not have a grad_fn
   Warning: Episode 469 failed: element 0 of tensors does not require grad and does not have a grad_fn
   Warning: Episode 470 failed: element 0 of tensors does not require grad and does not have a grad_fn
   Warning: Episode 471 failed: element 0 of tensors does not require grad and does not have a grad_fn
   Warning: Episode 472 failed: element 0 of tensors does not require grad and does not have a grad_fn
   Warning: Episode 473 failed: element 0 of tensors does not require grad and does not have a grad_fn
   Warning: Episode 474 failed: element 0 of tensors does not require grad and does not have a grad_fn
   Warning: Episode 475 failed: element 0 of tensors does not require grad and does not have a grad_fn
   Warning: Episode 476 failed: element 0 of tensors does not require grad and does not have a grad_fn
   Warning: Episode 477 failed: element 0 of tensors does not require grad and does not have a grad_fn
   Warning: Episode 478 failed: element 0 of tensors does not require grad and does not have a grad_fn
   Warning: Episode 479 failed: element 0 of tensors does not require grad and does not have a grad_fn
   Warning: Episode 480 failed: element 0 of tensors does not require grad and does not have a grad_fn
   Warning: Episode 481 failed: element 0 of tensors does not require grad and does not have a grad_fn
   Warning: Episode 482 failed: element 0 of tensors does not require grad and does not have a grad_fn
   Warning: Episode 483 failed: element 0 of tensors does not require grad and does not have a grad_fn
   Warning: Episode 484 failed: element 0 of tensors does not require grad and does not have a grad_fn
   Warning: Episode 485 failed: element 0 of tensors does not require grad and does not have a grad_fn
   Warning: Episode 486 failed: element 0 of tensors does not require grad and does not have a grad_fn
   Warning: Episode 487 failed: element 0 of tensors does not require grad and does not have a grad_fn
   Warning: Episode 488 failed: element 0 of tensors does not require grad and does not have a grad_fn
   Warning: Episode 489 failed: element 0 of tensors does not require grad and does not have a grad_fn
   Warning: Episode 490 failed: element 0 of tensors does not require grad and does not have a grad_fn
   Warning: Episode 491 failed: element 0 of tensors does not require grad and does not have a grad_fn
   Warning: Episode 492 failed: element 0 of tensors does not require grad and does not have a grad_fn
   Warning: Episode 493 failed: element 0 of tensors does not require grad and does not have a grad_fn
   Warning: Episode 494 failed: element 0 of tensors does not require grad and does not have a grad_fn
   Warning: Episode 495 failed: element 0 of tensors does not require grad and does not have a grad_fn
   Warning: Episode 496 failed: element 0 of tensors does not require grad and does not have a grad_fn
   Warning: Episode 497 failed: element 0 of tensors does not require grad and does not have a grad_fn
   Warning: Episode 498 failed: element 0 of tensors does not require grad and does not have a grad_fn
   Warning: Episode 499 failed: element 0 of tensors does not require grad and does not have a grad_fn
   ✅ Training complete! Final reward: 0.000
   ✅ Completed no_graph: 1/1 seeds successful

🎉 Ablation Training Complete!
============================================================
Results saved to: debug_test
Successful ablations: 1/1 total
